[www.gamearter.com/game/realdrive-feel-the-real-drive/index.html]
[cdn.pacogames.com/gameplayer/img/gamearter-emblem.jpg]
[backblue.gif]
[fade.gif]
[index.html]
[www.gamearter.com/games/realdrive-feel-the-real-drive/thumbnails/fbimage.jpg]
[www.gamearter.com/img/bg/triangle-rounded-left.png]
[www.gamearter.com/game/realdrive-feel-the-real-drive/manifest.json]
[www.gamearter.com/js/modernizr.min.js]
[www.gamearter.com/js/authorizator84d2.js]
[auth.gamearter.com/js/connect284d2.js]
[www.gamearter.com/games/realdrive-feel-the-real-drive/thumbnails/img1.jpg]
[www.gamearter.com/games/realdrive-feel-the-real-drive/thumbnails/image460x344.jpg]
[www.gamearter.com/img/gp-bnr.png]
[cdn.pacogames.com/gameplayer/img/fullscreen-nd-tmp.png]
[www.gamearter.com/cdn-cgi/scripts/5c5dd728/cloudflare-static/email-decode.min.js]
[www.gamearter.com/games/realdrive-feel-the-real-drive/Build-8/RD_gamearter.loader.js]
[cdn.pacogames.com/static/gdpr84d2.js]
[www.googletagservices.com/tag/js/gpt.js]
[www.gamearter.com/gameplayer/js/unity-gameplayer84d2.js]
[www.gamearter.com/js/jquery-2.2.4.min.js]
[cdn.polyfill.io/v2/polyfill.min8d30.js]
[www.gamearter.com/js/nette.ajax.js]
[www.gamearter.com/gameplayer/wgAds.iframe.conf.js]
[imasdk.googleapis.com/js/sdkloader/ima3.js]
[www.gamearter.com/game/realdrive-feel-the-real-drive/index.html]
[www.gamearter.com/gameplayer/wgAds.js]
[cdn.pacogames.com/gplayer/gui/loading-logo-background.png]
